                 Here's your biorhythm, starting today:
                P = Physical       M = Mental      E = Emotional
-    P                              E                                 M + 18256
-        P                          |       E                         M + 18257
-                  P                |              E                  M + 18258
-                                  P|                     E          M  + 18259
-                                   |                     P    E  M     + 18260
-                                   |                         M    E    + 18261
-                                   P                     M           E + 18262
-                                   |        P      M                 E + 18263
-                                   |         M       P               E + 18264
-                                   |  M                      P    E    + 18265
-                                M  |                          E   P    + 18266
-                         M         |                     E           P + 18267
-                   M               |              E                  P + 18268
-             M                     |       E                        P  + 18269
-         M                         E                            P      + 18270
-     M                     E       |                     P             + 18271
-   M                E              |             P                     + 18272
-   M         E                     |    P                              + 18273
-     M  E                     P    |                                   + 18274
-    E    M           P             |                                   + 18275
-   E         P  M                  |                                   + 18276
