5
8
9
55
33
0
16777154
16777211
99
16777205
0
16777155